
R version 3.1.0 (2014-04-10) -- "Spring Dance"
Copyright (C) 2014 The R Foundation for Statistical Computing
Platform: x86_64-unknown-linux-gnu (64-bit)

R is free software and comes with ABSOLUTELY NO WARRANTY.
You are welcome to redistribute it under certain conditions.
Type 'license()' or 'licence()' for distribution details.

  Natural language support but running in an English locale

R is a collaborative project with many contributors.
Type 'contributors()' for more information and
'citation()' on how to cite R or R packages in publications.

Type 'demo()' for some demos, 'help()' for on-line help, or
'help.start()' for an HTML browser interface to help.
Type 'q()' to quit R.

> 
> # library(ConsensusClusterPlus)
> source("/ngsprojects/iwt/ehsab/Gene_duplication/Scripts/ConsensusClusterPlus/ConsensusClusterPlus.r")
> # --------------------------------------------------------------------------------------------------------------------------------------------------
> # 
> # --------------------------------------------------------------------------------------------------------------------------------------------------
> 
> unByteCode <- function(fun)
+     {
+         FUN <- eval(parse(text=deparse(fun)))
+         environment(FUN) <- environment(fun)
+         FUN
+     }
> 
> ## Replace function definition inside of a locked environment **HACK** 
> assignEdgewise <- function(name, env, value)
+     {
+         unlockBinding(name, env=env)
+         assign( name, envir=env, value=value)
+         lockBinding(name, env=env)
+         invisible(value)
+     }
> 
> ## Replace byte-compiled function in a locked environment with an interpreted-code
> ## function
> unByteCodeAssign <- function(fun)
+     {
+         name <- gsub('^.*::+','', deparse(substitute(fun)))
+         FUN <- unByteCode(fun)
+         retval <- assignEdgewise(name=name,
+                                  env=environment(FUN),
+                                  value=FUN
+                                  )
+         invisible(retval)
+     }
> 
> ## Use the above functions to convert stats:::plotNode to interpreted-code:
> unByteCodeAssign(stats:::plotNode)
> 
> ## Now raise the interpreted code recursion limit (you may need to adjust this,
> ##  decreasing if it uses to much memory, increasing if you get a recursion depth error ).
> options(expressions=5e4)
> 
> 
> # --------------------------------------------------------------------------------------------------------------------------------------------------
> # 
> # -------------------------------------------------------------------------------------------------------------------------------------------------- 
> 
> 
> 
> ## Read condition names
> # condition.names = read.table("/ngsprojects/iwt/ehsab/Gene_duplication/Integrated_CORNET2.0/condition_name.txt", header = T)
> # NAME = names(table(condition.names))
> # k = 1
> # NAME.spe = NAME[k]
> 
> # ## Read text file with read.table function
> # setwd(paste("/scratch/iwt/ehsab/Gene_duplication/Results/SA/Merge_module/",NAME[k],"/Dist/", sep = ""))
> 
> # g = lapply(paste(1:19285,".txt", sep = ""), read.table)
> # Dist = matrix(NA, length(unlist(g[1])), length(g))
> # for (i in 1:length(g)){
> # 	print(i)
> # 	Dist[, i] =  as.matrix(unlist(g[i]))
> # }
> 
> load("/scratch/iwt/ehsab/Gene_duplication/Results/SA/Merge_module/abiotic/G1_dist.RData")
> setwd("/scratch/iwt/ehsab/Gene_duplication/Results/SA/Merge_module/abiotic/")
> rcc = ConsensusClusterPlus(Dist, maxK = 50, reps = 40, pItem = 0.8, clusterAlg = "kmdist", plot = "png", writeTable = T, verbose = T, title="50_40")
> resICL = calcICL(rcc,title="example_50_40", writeTable=T)
> 
